[INFO] Scanning for projects...
[INFO] 
[INFO] -------------< commonworkflowscheduler:cws-k8s-scheduler >--------------
[INFO] Building cws-k8s-scheduler 1.2-SNAPSHOT
[INFO] --------------------------------[ jar ]---------------------------------
[INFO] 
[INFO] >>> spring-boot-maven-plugin:2.4.2:run (default-cli) > test-compile @ cws-k8s-scheduler >>>
[INFO] 
[INFO] --- spring-boot-maven-plugin:2.4.2:build-info (build-info) @ cws-k8s-scheduler ---
[INFO] 
[INFO] --- maven-resources-plugin:3.2.0:resources (default-resources) @ cws-k8s-scheduler ---
[INFO] Using 'UTF-8' encoding to copy filtered resources.
[INFO] Using 'UTF-8' encoding to copy filtered properties files.
[INFO] Copying 1 resource
[INFO] Copying 2 resources
[INFO] 
[INFO] --- maven-compiler-plugin:3.8.1:compile (default-compile) @ cws-k8s-scheduler ---
[INFO] Nothing to compile - all classes are up to date
[INFO] 
[INFO] --- maven-resources-plugin:3.2.0:testResources (default-testResources) @ cws-k8s-scheduler ---
[INFO] Using 'UTF-8' encoding to copy filtered resources.
[INFO] Using 'UTF-8' encoding to copy filtered properties files.
[INFO] skip non existing resourceDirectory /build/src/test/resources
[INFO] 
[INFO] --- maven-compiler-plugin:3.8.1:testCompile (default-testCompile) @ cws-k8s-scheduler ---
[INFO] Nothing to compile - all classes are up to date
[INFO] 
[INFO] <<< spring-boot-maven-plugin:2.4.2:run (default-cli) < test-compile @ cws-k8s-scheduler <<<
[INFO] 
[INFO] 
[INFO] --- spring-boot-maven-plugin:2.4.2:run (default-cli) @ cws-k8s-scheduler ---
[INFO] Attaching agents: []

  .   ____          _            __ _ _
 /\\ / ___'_ __ _ _(_)_ __  __ _ \ \ \ \
( ( )\___ | '_ | '_| | '_ \/ _` | \ \ \ \
 \\/  ___)| |_)| | | | | || (_| |  ) ) ) )
  '  |____| .__|_| |_|_| |_\__, | / / / /
 =========|_|==============|___/=/_/_/_/
 :: Spring Boot ::                (v2.4.2)

2025-10-24 09:12:08.430  INFO 75 --- [           main] cws.k8s.scheduler.Main                   : Starting Main using Java 18.0.2.1 on workflow-scheduler with PID 75 (/build/target/classes started by root in /build)
2025-10-24 09:12:08.433  INFO 75 --- [           main] cws.k8s.scheduler.Main                   : No active profile set, falling back to default profiles: default
2025-10-24 09:12:09.380  INFO 75 --- [           main] o.s.b.w.embedded.tomcat.TomcatWebServer  : Tomcat initialized with port(s): 8080 (http)
2025-10-24 09:12:09.390  INFO 75 --- [           main] o.apache.catalina.core.StandardService   : Starting service [Tomcat]
2025-10-24 09:12:09.391  INFO 75 --- [           main] org.apache.catalina.core.StandardEngine  : Starting Servlet engine: [Apache Tomcat/9.0.41]
2025-10-24 09:12:09.491  INFO 75 --- [           main] o.a.c.c.C.[Tomcat].[localhost].[/]       : Initializing Spring embedded WebApplicationContext
2025-10-24 09:12:09.492  INFO 75 --- [           main] w.s.c.ServletWebServerApplicationContext : Root WebApplicationContext: initialization completed in 1005 ms
2025-10-24 09:12:09.569  INFO 75 --- [           main] cws.k8s.scheduler.Main                   : 


================================================================================================
=                                                                                              =
=  Common Workflow Scheduler for Kubernetes 1.2-SNAPSHOT (24/10/25-09:12:06)                   =
=                                                                                              =
=  If you use the Common Workflow Scheduler for research purposes, please cite the following:  =
=  Lehmann Fabian, Jonathan Bader, Friedrich Tschirpke, Lauritz Thamsen, and Ulf Leser.        =
=  "How Workflow Engines Should Talk to Resource Managers: A Proposal for a Common Workflow    =
=  Scheduling Interface." In 2023 IEEE/ACM 23rd International Symposium on Cluster, Cloud and  =
=  Internet Computing (CCGrid). Bangalore, India, 2023.                                        =
=                                                                                              =
================================================================================================


2025-10-24 09:12:10.248  INFO 75 --- [           main] cws.k8s.scheduler.model.NodeWithAlloc    : Node hu-master-c20 has RAM: 269785079808 and CPU: 32
2025-10-24 09:12:10.250  INFO 75 --- [           main] cws.k8s.scheduler.model.NodeWithAlloc    : Node hu-master-c21 has RAM: 269785071616 and CPU: 32
2025-10-24 09:12:10.250  INFO 75 --- [           main] cws.k8s.scheduler.model.NodeWithAlloc    : Node hu-master-c22 has RAM: 269785075712 and CPU: 32
2025-10-24 09:12:10.250  INFO 75 --- [           main] cws.k8s.scheduler.model.NodeWithAlloc    : Node hu-worker-c23 has RAM: 269785071616 and CPU: 32
2025-10-24 09:12:10.250  INFO 75 --- [           main] cws.k8s.scheduler.model.NodeWithAlloc    : Node hu-worker-c24 has RAM: 269785088000 and CPU: 32
2025-10-24 09:12:10.250  INFO 75 --- [           main] cws.k8s.scheduler.model.NodeWithAlloc    : Node hu-worker-c25 has RAM: 269785079808 and CPU: 32
2025-10-24 09:12:10.250  INFO 75 --- [           main] cws.k8s.scheduler.model.NodeWithAlloc    : Node hu-worker-c26 has RAM: 269785083904 and CPU: 32
2025-10-24 09:12:10.250  INFO 75 --- [           main] cws.k8s.scheduler.model.NodeWithAlloc    : Node hu-worker-c27 has RAM: 269785083904 and CPU: 32
2025-10-24 09:12:10.250  INFO 75 --- [           main] cws.k8s.scheduler.model.NodeWithAlloc    : Node hu-worker-c28 has RAM: 269785083904 and CPU: 32
2025-10-24 09:12:10.251  INFO 75 --- [           main] cws.k8s.scheduler.model.NodeWithAlloc    : Node hu-worker-c29 has RAM: 269785088000 and CPU: 32
2025-10-24 09:12:10.251  INFO 75 --- [           main] cws.k8s.scheduler.model.NodeWithAlloc    : Node hu-worker-c30 has RAM: 134594351104 and CPU: 32
2025-10-24 09:12:10.251  INFO 75 --- [           main] cws.k8s.scheduler.model.NodeWithAlloc    : Node hu-worker-c31 has RAM: 134594342912 and CPU: 32
2025-10-24 09:12:10.251  INFO 75 --- [           main] cws.k8s.scheduler.model.NodeWithAlloc    : Node hu-worker-c32 has RAM: 134594355200 and CPU: 32
2025-10-24 09:12:10.251  INFO 75 --- [           main] cws.k8s.scheduler.model.NodeWithAlloc    : Node hu-worker-c33 has RAM: 134594359296 and CPU: 32
2025-10-24 09:12:10.251  INFO 75 --- [           main] cws.k8s.scheduler.model.NodeWithAlloc    : Node hu-worker-c34 has RAM: 269780234240 and CPU: 32
2025-10-24 09:12:10.251  INFO 75 --- [           main] cws.k8s.scheduler.model.NodeWithAlloc    : Node hu-worker-c35 has RAM: 269780234240 and CPU: 32
2025-10-24 09:12:10.251  INFO 75 --- [           main] cws.k8s.scheduler.model.NodeWithAlloc    : Node hu-worker-c36 has RAM: 269780246528 and CPU: 32
2025-10-24 09:12:10.251  INFO 75 --- [           main] cws.k8s.scheduler.model.NodeWithAlloc    : Node hu-worker-c37 has RAM: 269780226048 and CPU: 32
2025-10-24 09:12:10.252  INFO 75 --- [           main] cws.k8s.scheduler.model.NodeWithAlloc    : Node hu-worker-c38 has RAM: 269780254720 and CPU: 32
2025-10-24 09:12:10.252  INFO 75 --- [           main] cws.k8s.scheduler.model.NodeWithAlloc    : Node hu-worker-c39 has RAM: 269780238336 and CPU: 32
2025-10-24 09:12:10.252  INFO 75 --- [           main] cws.k8s.scheduler.model.NodeWithAlloc    : Node hu-worker-c40 has RAM: 269780230144 and CPU: 32
2025-10-24 09:12:10.252  INFO 75 --- [           main] cws.k8s.scheduler.model.NodeWithAlloc    : Node hu-worker-c41 has RAM: 269780238336 and CPU: 32
2025-10-24 09:12:10.252  INFO 75 --- [           main] cws.k8s.scheduler.model.NodeWithAlloc    : Node hu-worker-c42 has RAM: 269780246528 and CPU: 32
2025-10-24 09:12:10.252  INFO 75 --- [           main] cws.k8s.scheduler.model.NodeWithAlloc    : Node hu-worker-c43 has RAM: 269780246528 and CPU: 32
2025-10-24 09:12:10.252  INFO 75 --- [           main] cws.k8s.scheduler.model.NodeWithAlloc    : Node hu-worker-c44 has RAM: 269782089728 and CPU: 32
2025-10-24 09:12:10.252  INFO 75 --- [           main] cws.k8s.scheduler.model.NodeWithAlloc    : Node hu-worker-c45 has RAM: 269782102016 and CPU: 32
2025-10-24 09:12:10.830  INFO 75 --- [pool-1-thread-2] c.k8s.scheduler.client.KubernetesClient  : New Node hu-master-c20 was added
2025-10-24 09:12:10.830  INFO 75 --- [pool-1-thread-1] c.k8s.scheduler.client.KubernetesClient  : New Node hu-master-c21 was added
2025-10-24 09:12:10.831  INFO 75 --- [pool-1-thread-2] c.k8s.scheduler.client.KubernetesClient  : New Node hu-master-c22 was added
2025-10-24 09:12:10.831  INFO 75 --- [pool-1-thread-1] c.k8s.scheduler.client.KubernetesClient  : New Node hu-worker-c23 was added
2025-10-24 09:12:10.831  INFO 75 --- [pool-1-thread-2] c.k8s.scheduler.client.KubernetesClient  : New Node hu-worker-c24 was added
2025-10-24 09:12:10.831  INFO 75 --- [pool-1-thread-1] c.k8s.scheduler.client.KubernetesClient  : New Node hu-worker-c25 was added
2025-10-24 09:12:10.831  INFO 75 --- [pool-1-thread-2] c.k8s.scheduler.client.KubernetesClient  : New Node hu-worker-c26 was added
2025-10-24 09:12:10.832  INFO 75 --- [pool-1-thread-1] c.k8s.scheduler.client.KubernetesClient  : New Node hu-worker-c27 was added
2025-10-24 09:12:10.832  INFO 75 --- [pool-1-thread-2] c.k8s.scheduler.client.KubernetesClient  : New Node hu-worker-c28 was added
2025-10-24 09:12:10.832  INFO 75 --- [pool-1-thread-1] c.k8s.scheduler.client.KubernetesClient  : New Node hu-worker-c29 was added
2025-10-24 09:12:10.832  INFO 75 --- [pool-1-thread-2] c.k8s.scheduler.client.KubernetesClient  : New Node hu-worker-c30 was added
2025-10-24 09:12:10.832  INFO 75 --- [pool-1-thread-1] c.k8s.scheduler.client.KubernetesClient  : New Node hu-worker-c31 was added
2025-10-24 09:12:10.832  INFO 75 --- [pool-1-thread-2] c.k8s.scheduler.client.KubernetesClient  : New Node hu-worker-c32 was added
2025-10-24 09:12:10.832  INFO 75 --- [pool-1-thread-1] c.k8s.scheduler.client.KubernetesClient  : New Node hu-worker-c33 was added
2025-10-24 09:12:10.832  INFO 75 --- [pool-1-thread-2] c.k8s.scheduler.client.KubernetesClient  : New Node hu-worker-c34 was added
2025-10-24 09:12:10.832  INFO 75 --- [pool-1-thread-1] c.k8s.scheduler.client.KubernetesClient  : New Node hu-worker-c35 was added
2025-10-24 09:12:10.833  INFO 75 --- [pool-1-thread-2] c.k8s.scheduler.client.KubernetesClient  : New Node hu-worker-c36 was added
2025-10-24 09:12:10.833  INFO 75 --- [pool-1-thread-1] c.k8s.scheduler.client.KubernetesClient  : New Node hu-worker-c37 was added
2025-10-24 09:12:10.833  INFO 75 --- [pool-1-thread-2] c.k8s.scheduler.client.KubernetesClient  : New Node hu-worker-c38 was added
2025-10-24 09:12:10.833  INFO 75 --- [pool-1-thread-1] c.k8s.scheduler.client.KubernetesClient  : New Node hu-worker-c39 was added
2025-10-24 09:12:10.833  INFO 75 --- [pool-1-thread-2] c.k8s.scheduler.client.KubernetesClient  : New Node hu-worker-c40 was added
2025-10-24 09:12:10.833  INFO 75 --- [pool-1-thread-1] c.k8s.scheduler.client.KubernetesClient  : New Node hu-worker-c41 was added
2025-10-24 09:12:10.833  INFO 75 --- [pool-1-thread-2] c.k8s.scheduler.client.KubernetesClient  : New Node hu-worker-c42 was added
2025-10-24 09:12:10.833  INFO 75 --- [pool-1-thread-1] c.k8s.scheduler.client.KubernetesClient  : New Node hu-worker-c43 was added
2025-10-24 09:12:10.833  INFO 75 --- [pool-1-thread-2] c.k8s.scheduler.client.KubernetesClient  : New Node hu-worker-c44 was added
2025-10-24 09:12:10.833  INFO 75 --- [pool-1-thread-1] c.k8s.scheduler.client.KubernetesClient  : New Node hu-worker-c45 was added
2025-10-24 09:12:11.095  INFO 75 --- [           main] o.s.s.concurrent.ThreadPoolTaskExecutor  : Initializing ExecutorService 'applicationTaskExecutor'
2025-10-24 09:12:11.299  INFO 75 --- [           main] o.s.s.c.ThreadPoolTaskScheduler          : Initializing ExecutorService 'taskScheduler'
2025-10-24 09:12:11.329  INFO 75 --- [           main] o.s.b.w.embedded.tomcat.TomcatWebServer  : Tomcat started on port(s): 8080 (http) with context path ''
2025-10-24 09:12:11.341  INFO 75 --- [           main] cws.k8s.scheduler.Main                   : Started Main in 3.223 seconds (JVM running for 3.503)
2025-10-24 09:12:33.696  INFO 75 --- [pool-1-thread-1] c.k8s.scheduler.client.KubernetesClient  : Pod has released its resources: workflow-prepare-2gpmc
2025-10-24 09:12:33.700  INFO 75 --- [pool-1-thread-2] c.k8s.scheduler.client.KubernetesClient  : Pod has released its resources: workflow-prepare-vnvhb
2025-10-24 09:12:33.707  INFO 75 --- [pool-1-thread-1] c.k8s.scheduler.client.KubernetesClient  : Pod has released its resources: workflow-prepare-kr2s6
2025-10-24 09:12:33.715  INFO 75 --- [pool-1-thread-2] c.k8s.scheduler.client.KubernetesClient  : Pod has released its resources: workflow-prepare-x2ns6
2025-10-24 09:12:33.727  INFO 75 --- [pool-1-thread-1] c.k8s.scheduler.client.KubernetesClient  : Pod has released its resources: workflow-prepare-w2mxd
2025-10-24 09:12:33.734  INFO 75 --- [pool-1-thread-1] c.k8s.scheduler.client.KubernetesClient  : Pod has released its resources: workflow-prepare-72nj5
2025-10-24 09:12:33.745  INFO 75 --- [pool-1-thread-2] c.k8s.scheduler.client.KubernetesClient  : Pod has released its resources: workflow-prepare-zqb64
2025-10-24 09:12:33.759  INFO 75 --- [pool-1-thread-2] c.k8s.scheduler.client.KubernetesClient  : Pod has released its resources: workflow-prepare-6h4tq
2025-10-24 09:12:33.762  INFO 75 --- [pool-1-thread-1] c.k8s.scheduler.client.KubernetesClient  : Pod has released its resources: workflow-prepare-nxdb7
2025-10-24 09:12:33.817  INFO 75 --- [pool-1-thread-1] c.k8s.scheduler.client.KubernetesClient  : Pod has released its resources: workflow-prepare-2tsrr
2025-10-24 09:12:33.853  INFO 75 --- [pool-1-thread-1] c.k8s.scheduler.client.KubernetesClient  : Pod has released its resources: workflow-prepare-2gnpr
2025-10-24 09:12:33.860  INFO 75 --- [pool-1-thread-1] c.k8s.scheduler.client.KubernetesClient  : Pod has released its resources: workflow-prepare-pkcz2
2025-10-24 09:12:33.890  INFO 75 --- [pool-1-thread-1] c.k8s.scheduler.client.KubernetesClient  : Pod has released its resources: workflow-prepare-d8gzm
2025-10-24 09:12:33.907  INFO 75 --- [pool-1-thread-1] c.k8s.scheduler.client.KubernetesClient  : Pod has released its resources: workflow-prepare-nqvp2
2025-10-24 09:12:33.931  INFO 75 --- [pool-1-thread-1] c.k8s.scheduler.client.KubernetesClient  : Pod has released its resources: workflow-prepare-nqv8x
2025-10-24 09:12:33.940  INFO 75 --- [pool-1-thread-1] c.k8s.scheduler.client.KubernetesClient  : Pod has released its resources: workflow-prepare-8q86z
2025-10-24 09:12:33.947  INFO 75 --- [pool-1-thread-2] c.k8s.scheduler.client.KubernetesClient  : Pod has released its resources: workflow-prepare-pwwwp
2025-10-24 09:12:34.001  INFO 75 --- [pool-1-thread-1] c.k8s.scheduler.client.KubernetesClient  : Pod has released its resources: workflow-prepare-xdmj5
2025-10-24 09:12:34.138  INFO 75 --- [pool-1-thread-2] c.k8s.scheduler.client.KubernetesClient  : Pod has released its resources: workflow-prepare-s55jt
2025-10-24 09:12:34.156  INFO 75 --- [pool-1-thread-2] c.k8s.scheduler.client.KubernetesClient  : Pod has released its resources: workflow-prepare-lnhd8
2025-10-24 09:12:34.201  INFO 75 --- [pool-1-thread-2] c.k8s.scheduler.client.KubernetesClient  : Pod has released its resources: workflow-prepare-kgcts
2025-10-24 09:12:34.251  INFO 75 --- [pool-1-thread-2] c.k8s.scheduler.client.KubernetesClient  : Pod has released its resources: workflow-prepare-5ns9g
2025-10-24 09:12:34.263  INFO 75 --- [pool-1-thread-2] c.k8s.scheduler.client.KubernetesClient  : Pod has released its resources: workflow-prepare-xgwld
2025-10-24 09:12:34.486  INFO 75 --- [pool-1-thread-1] c.k8s.scheduler.client.KubernetesClient  : Pod has released its resources: workflow-prepare-n97gr
2025-10-24 09:12:34.564  INFO 75 --- [pool-1-thread-1] c.k8s.scheduler.client.KubernetesClient  : Pod has released its resources: workflow-prepare-7kqtp
2025-10-24 13:10:38.986  INFO 75 --- [ool-1-thread-34] c.k8s.scheduler.client.KubernetesClient  : Pod has released its resources: workflow-controller-86dd978f6d-mjwqg
2025-10-24 13:10:38.989  INFO 75 --- [ool-1-thread-35] c.k8s.scheduler.client.KubernetesClient  : Pod has released its resources: argo-server-5965fd6c59-ldfnd
